
> vite_react_shadcn_ts@0.0.0 build
> vite build

[36mvite v5.4.19 [32mbuilding for production...[36m[39m
transforming...
Browserslist: browsers data (caniuse-lite) is 8 months old. Please run:
  npx update-browserslist-db@latest
  Why you should do it regularly: https://github.com/browserslist/update-db#readme
[32m✓[39m 4217 modules transformed.
rendering chunks...
computing gzip size...
[2mdist/[22m[32mindex.html                    [39m[1m[2m    1.28 kB[22m[1m[22m[2m │ gzip:     0.55 kB[22m
[2mdist/[22m[35massets/index-utcmUcxy.css     [39m[1m[2m  138.61 kB[22m[1m[22m[2m │ gzip:    22.86 kB[22m
[2mdist/[22m[36massets/web-Csd5xTS6.js        [39m[1m[2m    0.12 kB[22m[1m[22m[2m │ gzip:     0.13 kB[22m
[2mdist/[22m[36massets/web-BempOj7a.js        [39m[1m[2m    0.76 kB[22m[1m[22m[2m │ gzip:     0.35 kB[22m
[2mdist/[22m[36massets/web-DD8UEQhg.js        [39m[1m[2m    1.25 kB[22m[1m[22m[2m │ gzip:     0.59 kB[22m
[2mdist/[22m[36massets/purify.es-C5KSVp3G.js  [39m[1m[2m   22.74 kB[22m[1m[22m[2m │ gzip:     8.79 kB[22m
[2mdist/[22m[36massets/index.es-UfeO2kUy.js   [39m[1m[2m  150.44 kB[22m[1m[22m[2m │ gzip:    51.45 kB[22m
[2mdist/[22m[36massets/index-BEYIxjEo.js      [39m[1m[33m4,244.47 kB[39m[22m[2m │ gzip: 1,182.33 kB[22m
[33m
(!) Some chunks are larger than 500 kB after minification. Consider:
- Using dynamic import() to code-split the application
- Use build.rollupOptions.output.manualChunks to improve chunking: https://rollupjs.org/configuration-options/#output-manualchunks
- Adjust chunk size limit for this warning via build.chunkSizeWarningLimit.[39m
[32m✓ built in 34.00s[39m
